[debug] [2026-03-21T17:04:25.338Z] ----------------------------------------------------------------------
[debug] [2026-03-21T17:04:25.339Z] Command:       /usr/local/bin/node /usr/local/bin/firebase emulators:start --project demo-aspenleafshelties --only firestore,storage
[debug] [2026-03-21T17:04:25.339Z] CLI Version:   15.11.0
[debug] [2026-03-21T17:04:25.339Z] Platform:      linux
[debug] [2026-03-21T17:04:25.340Z] Node Version:  v22.14.0
[debug] [2026-03-21T17:04:25.340Z] Time:          Sat Mar 21 2026 17:04:25 GMT+0000 (Coordinated Universal Time)
[debug] [2026-03-21T17:04:25.340Z] ----------------------------------------------------------------------
[debug] 
[debug] [2026-03-21T17:04:25.341Z] >>> [apiv2][query] GET https://firebase-public.firebaseio.com/cli.json [none]
[debug] [2026-03-21T17:04:25.859Z] openjdk version "21.0.10" 2026-01-20 LTS

[debug] [2026-03-21T17:04:25.859Z] OpenJDK Runtime Environment Temurin-21.0.10+7 (build 21.0.10+7-LTS)
OpenJDK 64-Bit Server VM Temurin-21.0.10+7 (build 21.0.10+7-LTS, mixed mode, sharing)

[debug] [2026-03-21T17:04:25.862Z] Parsed Java major version: 21
[info] i  emulators: Starting emulators: firestore, storage {"metadata":{"emulator":{"name":"hub"},"message":"Starting emulators: firestore, storage"}}
[info] i  emulators: Detected demo project ID "demo-aspenleafshelties", emulated services will use a demo configuration and attempts to access non-emulated services for this project will fail. {"metadata":{"emulator":{"name":"hub"},"message":"Detected demo project ID \"demo-aspenleafshelties\", emulated services will use a demo configuration and attempts to access non-emulated services for this project will fail."}}
[debug] [2026-03-21T17:04:25.865Z] [logging] Logging Emulator only supports listening on one address (127.0.0.1). Not listening on ::1
[debug] [2026-03-21T17:04:25.865Z] assigned listening specs for emulators {"user":{"ui":[{"address":"0.0.0.0","family":"IPv4","port":4000}],"firestore":[{"address":"0.0.0.0","family":"IPv4","port":8080}],"firestore.websocket":[{"address":"0.0.0.0","family":"IPv4","port":9150}],"storage":[{"address":"0.0.0.0","family":"IPv4","port":9199}],"hub":[{"address":"127.0.0.1","family":"IPv4","port":4400},{"address":"::1","family":"IPv6","port":4400}],"logging":[{"address":"127.0.0.1","family":"IPv4","port":4500}]},"metadata":{"message":"assigned listening specs for emulators"}}
[debug] [2026-03-21T17:04:25.867Z] Write emulator hub locator at /tmp/hub-demo-aspenleafshelties.json
[info] i  firestore: downloading cloud-firestore-emulator-v1.20.4.jar... {"metadata":{"emulator":{"name":"firestore"},"message":"downloading cloud-firestore-emulator-v1.20.4.jar..."}}
[debug] [2026-03-21T17:04:25.872Z] >>> [apiv2][query] GET https://storage.googleapis.com/firebase-preview-drop/emulator/cloud-firestore-emulator-v1.20.4.jar 
[debug] [2026-03-21T17:04:25.903Z] <<< [apiv2][status] GET https://firebase-public.firebaseio.com/cli.json 200
[debug] [2026-03-21T17:04:25.903Z] <<< [apiv2][body] GET https://firebase-public.firebaseio.com/cli.json {"cloudBuildErrorAfter":1594252800000,"cloudBuildWarnAfter":1590019200000,"defaultNode10After":1594252800000,"minVersion":"3.0.5","node8DeploysDisabledAfter":1613390400000,"node8RuntimeDisabledAfter":1615809600000,"node8WarnAfter":1600128000000}
[debug] [2026-03-21T17:04:25.966Z] <<< [apiv2][status] GET https://storage.googleapis.com/firebase-preview-drop/emulator/cloud-firestore-emulator-v1.20.4.jar 200
[debug] [2026-03-21T17:04:25.967Z] <<< [apiv2][body] GET https://storage.googleapis.com/firebase-preview-drop/emulator/cloud-firestore-emulator-v1.20.4.jar [stream]
[debug] [2026-03-21T17:04:29.879Z] Ignoring unsupported arg: auto_download {"metadata":{"emulator":{"name":"firestore"},"message":"Ignoring unsupported arg: auto_download"}}
[debug] [2026-03-21T17:04:29.880Z] Ignoring unsupported arg: single_project_mode_error {"metadata":{"emulator":{"name":"firestore"},"message":"Ignoring unsupported arg: single_project_mode_error"}}
[debug] [2026-03-21T17:04:29.880Z] Starting Firestore Emulator with command {"binary":"java","args":["-Dgoogle.cloud_firestore.debug_log_level=FINE","-Duser.language=en","-jar","/root/.cache/firebase/emulators/cloud-firestore-emulator-v1.20.4.jar","--host","0.0.0.0","--port",8080,"--websocket_port",9150,"--project_id","demo-aspenleafshelties","--rules","/workspace/firestore.rules","--single_project_mode",true],"optionalArgs":["port","webchannel_port","host","rules","websocket_port","functions_emulator","seed_from_export","project_id","single_project_mode"],"joinArgs":false,"shell":false,"port":8080} {"metadata":{"emulator":{"name":"firestore"},"message":"Starting Firestore Emulator with command {\"binary\":\"java\",\"args\":[\"-Dgoogle.cloud_firestore.debug_log_level=FINE\",\"-Duser.language=en\",\"-jar\",\"/root/.cache/firebase/emulators/cloud-firestore-emulator-v1.20.4.jar\",\"--host\",\"0.0.0.0\",\"--port\",8080,\"--websocket_port\",9150,\"--project_id\",\"demo-aspenleafshelties\",\"--rules\",\"/workspace/firestore.rules\",\"--single_project_mode\",true],\"optionalArgs\":[\"port\",\"webchannel_port\",\"host\",\"rules\",\"websocket_port\",\"functions_emulator\",\"seed_from_export\",\"project_id\",\"single_project_mode\"],\"joinArgs\":false,\"shell\":false,\"port\":8080}"}}
[info] i  firestore: Firestore Emulator logging to firestore-debug.log {"metadata":{"emulator":{"name":"firestore"},"message":"Firestore Emulator logging to firestore-debug.log"}}
[debug] [2026-03-21T17:04:30.541Z] Mar 21, 2026 5:04:30 PM com.google.cloud.datastore.emulator.firestore.websocket.WebSocketServer start
INFO: Started WebSocket server on ws://0.0.0.0:9150
 {"metadata":{"emulator":{"name":"firestore"},"message":"Mar 21, 2026 5:04:30 PM com.google.cloud.datastore.emulator.firestore.websocket.WebSocketServer start\nINFO: Started WebSocket server on ws://0.0.0.0:9150\n"}}
[debug] [2026-03-21T17:04:30.556Z] 
API endpoint: http:// {"metadata":{"emulator":{"name":"firestore"},"message":"\nAPI endpoint: http://"}}
[debug] [2026-03-21T17:04:30.557Z] 0.0.0.0:8080
Database Edition: STANDARD
Database Mode: CLOUD_FIRESTORE

If you are using a library that supports the FIRESTORE_EMULATOR_HOST environment variable, run:

   export FIRESTORE_EMULATOR_HOST=0.0.0.0:8080

If you are running a Firestore in Datastore Mode project, run:

   export DATASTORE_EMULATOR_HOST=0.0.0.0:8080

Note: Support for Datastore Mode is in preview. If you encounter any bugs please file at https://github.com/firebase/firebase-tools/issues.
Dev App Server is now running.

 {"metadata":{"emulator":{"name":"firestore"},"message":"0.0.0.0:8080\nDatabase Edition: STANDARD\nDatabase Mode: CLOUD_FIRESTORE\n\nIf you are using a library that supports the FIRESTORE_EMULATOR_HOST environment variable, run:\n\n   export FIRESTORE_EMULATOR_HOST=0.0.0.0:8080\n\nIf you are running a Firestore in Datastore Mode project, run:\n\n   export DATASTORE_EMULATOR_HOST=0.0.0.0:8080\n\nNote: Support for Datastore Mode is in preview. If you encounter any bugs please file at https://github.com/firebase/firebase-tools/issues.\nDev App Server is now running.\n\n"}}
[info] ✔  firestore: Firestore Emulator UI websocket is running on 9150. {"metadata":{"emulator":{"name":"firestore"},"message":"Firestore Emulator UI websocket is running on 9150."}}
[info] i  storage: downloading cloud-storage-rules-runtime-v1.1.3.jar... {"metadata":{"emulator":{"name":"storage"},"message":"downloading cloud-storage-rules-runtime-v1.1.3.jar..."}}
[debug] [2026-03-21T17:04:30.700Z] >>> [apiv2][query] GET https://storage.googleapis.com/firebase-preview-drop/emulator/cloud-storage-rules-runtime-v1.1.3.jar 
[debug] [2026-03-21T17:04:30.756Z] <<< [apiv2][status] GET https://storage.googleapis.com/firebase-preview-drop/emulator/cloud-storage-rules-runtime-v1.1.3.jar 200
[debug] [2026-03-21T17:04:30.756Z] <<< [apiv2][body] GET https://storage.googleapis.com/firebase-preview-drop/emulator/cloud-storage-rules-runtime-v1.1.3.jar [stream]
[debug] [2026-03-21T17:04:32.119Z] Ignoring unsupported arg: port {"metadata":{"emulator":{"name":"storage"},"message":"Ignoring unsupported arg: port"}}
[debug] [2026-03-21T17:04:32.567Z] Temp file directory for storage emulator: /tmp/firebase/storage/blobs {"metadata":{"emulator":{"name":"storage"},"message":"Temp file directory for storage emulator: /tmp/firebase/storage/blobs"}}
[info] i  ui: downloading ui-v1.15.0.zip... {"metadata":{"emulator":{"name":"ui"},"message":"downloading ui-v1.15.0.zip..."}}
[debug] [2026-03-21T17:04:32.573Z] >>> [apiv2][query] GET https://storage.googleapis.com/firebase-preview-drop/emulator/ui-v1.15.0.zip 
[debug] [2026-03-21T17:04:32.586Z] <<< [apiv2][status] GET https://storage.googleapis.com/firebase-preview-drop/emulator/ui-v1.15.0.zip 200
[debug] [2026-03-21T17:04:32.586Z] <<< [apiv2][body] GET https://storage.googleapis.com/firebase-preview-drop/emulator/ui-v1.15.0.zip [stream]
[debug] [2026-03-21T17:04:32.677Z] Data is 3538469
[debug] [2026-03-21T17:04:32.677Z] [unzip] Entry: client/ (compressed_size=0 bytes, uncompressed_size=0 bytes)
[debug] [2026-03-21T17:04:32.678Z] [unzip] Processing entry: client/
[debug] [2026-03-21T17:04:32.678Z] [unzip] mkdir: /root/.cache/firebase/emulators/ui-v1.15.0/client/
[debug] [2026-03-21T17:04:32.678Z] [unzip] Entry: client/favicon-16x16.png (compressed_size=293 bytes, uncompressed_size=293 bytes)
[debug] [2026-03-21T17:04:32.678Z] [unzip] Processing entry: client/favicon-16x16.png
[debug] [2026-03-21T17:04:32.678Z] [unzip] else mkdir: /root/.cache/firebase/emulators/ui-v1.15.0/client
[debug] [2026-03-21T17:04:32.678Z] [unzip] Writing file: /root/.cache/firebase/emulators/ui-v1.15.0/client/favicon-16x16.png
[debug] [2026-03-21T17:04:32.679Z] [unzip] Entry: client/safari-pinned-tab.svg (compressed_size=1433 bytes, uncompressed_size=2611 bytes)
[debug] [2026-03-21T17:04:32.679Z] [unzip] Processing entry: client/safari-pinned-tab.svg
[debug] [2026-03-21T17:04:32.679Z] [unzip] else mkdir: /root/.cache/firebase/emulators/ui-v1.15.0/client
[debug] [2026-03-21T17:04:32.679Z] [unzip] deflating: /root/.cache/firebase/emulators/ui-v1.15.0/client/safari-pinned-tab.svg
[debug] [2026-03-21T17:04:32.682Z] [unzip] Entry: client/favicon.ico (compressed_size=2933 bytes, uncompressed_size=13294 bytes)
[debug] [2026-03-21T17:04:32.682Z] [unzip] Processing entry: client/favicon.ico
[debug] [2026-03-21T17:04:32.682Z] [unzip] else mkdir: /root/.cache/firebase/emulators/ui-v1.15.0/client
[debug] [2026-03-21T17:04:32.682Z] [unzip] deflating: /root/.cache/firebase/emulators/ui-v1.15.0/client/favicon.ico
[debug] [2026-03-21T17:04:32.683Z] [unzip] Entry: client/index.html (compressed_size=1364 bytes, uncompressed_size=3071 bytes)
[debug] [2026-03-21T17:04:32.683Z] [unzip] Processing entry: client/index.html
[debug] [2026-03-21T17:04:32.683Z] [unzip] else mkdir: /root/.cache/firebase/emulators/ui-v1.15.0/client
[debug] [2026-03-21T17:04:32.683Z] [unzip] deflating: /root/.cache/firebase/emulators/ui-v1.15.0/client/index.html
[debug] [2026-03-21T17:04:32.684Z] [unzip] Entry: client/android-chrome-192x192.png (compressed_size=2684 bytes, uncompressed_size=2684 bytes)
[debug] [2026-03-21T17:04:32.684Z] [unzip] Processing entry: client/android-chrome-192x192.png
[debug] [2026-03-21T17:04:32.684Z] [unzip] else mkdir: /root/.cache/firebase/emulators/ui-v1.15.0/client
[debug] [2026-03-21T17:04:32.684Z] [unzip] Writing file: /root/.cache/firebase/emulators/ui-v1.15.0/client/android-chrome-192x192.png
[debug] [2026-03-21T17:04:32.684Z] [unzip] Entry: client/apple-touch-icon.png (compressed_size=2123 bytes, uncompressed_size=2152 bytes)
[debug] [2026-03-21T17:04:32.684Z] [unzip] Processing entry: client/apple-touch-icon.png
[debug] [2026-03-21T17:04:32.684Z] [unzip] else mkdir: /root/.cache/firebase/emulators/ui-v1.15.0/client
[debug] [2026-03-21T17:04:32.685Z] [unzip] deflating: /root/.cache/firebase/emulators/ui-v1.15.0/client/apple-touch-icon.png
[debug] [2026-03-21T17:04:32.685Z] [unzip] Entry: client/android-chrome-512x512.png (compressed_size=5369 bytes, uncompressed_size=5411 bytes)
[debug] [2026-03-21T17:04:32.685Z] [unzip] Processing entry: client/android-chrome-512x512.png
[debug] [2026-03-21T17:04:32.685Z] [unzip] else mkdir: /root/.cache/firebase/emulators/ui-v1.15.0/client
[debug] [2026-03-21T17:04:32.685Z] [unzip] deflating: /root/.cache/firebase/emulators/ui-v1.15.0/client/android-chrome-512x512.png
[debug] [2026-03-21T17:04:32.686Z] [unzip] Entry: client/manifest.json (compressed_size=245 bytes, uncompressed_size=551 bytes)
[debug] [2026-03-21T17:04:32.686Z] [unzip] Processing entry: client/manifest.json
[debug] [2026-03-21T17:04:32.686Z] [unzip] else mkdir: /root/.cache/firebase/emulators/ui-v1.15.0/client
[debug] [2026-03-21T17:04:32.686Z] [unzip] deflating: /root/.cache/firebase/emulators/ui-v1.15.0/client/manifest.json
[debug] [2026-03-21T17:04:32.687Z] [unzip] Entry: client/robots.txt (compressed_size=26 bytes, uncompressed_size=26 bytes)
[debug] [2026-03-21T17:04:32.687Z] [unzip] Processing entry: client/robots.txt
[debug] [2026-03-21T17:04:32.687Z] [unzip] else mkdir: /root/.cache/firebase/emulators/ui-v1.15.0/client
[debug] [2026-03-21T17:04:32.687Z] [unzip] Writing file: /root/.cache/firebase/emulators/ui-v1.15.0/client/robots.txt
[debug] [2026-03-21T17:04:32.687Z] [unzip] Entry: client/mstile-150x150.png (compressed_size=2034 bytes, uncompressed_size=2034 bytes)
[debug] [2026-03-21T17:04:32.687Z] [unzip] Processing entry: client/mstile-150x150.png
[debug] [2026-03-21T17:04:32.687Z] [unzip] else mkdir: /root/.cache/firebase/emulators/ui-v1.15.0/client
[debug] [2026-03-21T17:04:32.687Z] [unzip] Writing file: /root/.cache/firebase/emulators/ui-v1.15.0/client/mstile-150x150.png
[debug] [2026-03-21T17:04:32.687Z] [unzip] Entry: client/assets/ (compressed_size=0 bytes, uncompressed_size=0 bytes)
[debug] [2026-03-21T17:04:32.687Z] [unzip] Processing entry: client/assets/
[debug] [2026-03-21T17:04:32.687Z] [unzip] mkdir: /root/.cache/firebase/emulators/ui-v1.15.0/client/assets/
[debug] [2026-03-21T17:04:32.688Z] [unzip] Entry: client/assets/index-BX-A56oj.js (compressed_size=582089 bytes, uncompressed_size=2092775 bytes)
[debug] [2026-03-21T17:04:32.688Z] [unzip] Processing entry: client/assets/index-BX-A56oj.js
[debug] [2026-03-21T17:04:32.688Z] [unzip] else mkdir: /root/.cache/firebase/emulators/ui-v1.15.0/client/assets
[debug] [2026-03-21T17:04:32.688Z] [unzip] deflating: /root/.cache/firebase/emulators/ui-v1.15.0/client/assets/index-BX-A56oj.js
[debug] [2026-03-21T17:04:32.702Z] [unzip] Entry: client/assets/index-CjB9C900.css (compressed_size=35979 bytes, uncompressed_size=298654 bytes)
[debug] [2026-03-21T17:04:32.702Z] [unzip] Processing entry: client/assets/index-CjB9C900.css
[debug] [2026-03-21T17:04:32.702Z] [unzip] else mkdir: /root/.cache/firebase/emulators/ui-v1.15.0/client/assets
[debug] [2026-03-21T17:04:32.702Z] [unzip] deflating: /root/.cache/firebase/emulators/ui-v1.15.0/client/assets/index-CjB9C900.css
[debug] [2026-03-21T17:04:32.704Z] [unzip] Entry: client/assets/index-BX-A56oj.js.map (compressed_size=2362482 bytes, uncompressed_size=10036679 bytes)
[debug] [2026-03-21T17:04:32.704Z] [unzip] Processing entry: client/assets/index-BX-A56oj.js.map
[debug] [2026-03-21T17:04:32.704Z] [unzip] else mkdir: /root/.cache/firebase/emulators/ui-v1.15.0/client/assets
[debug] [2026-03-21T17:04:32.704Z] [unzip] deflating: /root/.cache/firebase/emulators/ui-v1.15.0/client/assets/index-BX-A56oj.js.map
[debug] [2026-03-21T17:04:32.792Z] [unzip] Entry: client/assets/extensions/ (compressed_size=0 bytes, uncompressed_size=0 bytes)
[debug] [2026-03-21T17:04:32.792Z] [unzip] Processing entry: client/assets/extensions/
[debug] [2026-03-21T17:04:32.792Z] [unzip] mkdir: /root/.cache/firebase/emulators/ui-v1.15.0/client/assets/extensions/
[debug] [2026-03-21T17:04:32.792Z] [unzip] Entry: client/assets/extensions/default-extension.png (compressed_size=1646 bytes, uncompressed_size=1657 bytes)
[debug] [2026-03-21T17:04:32.792Z] [unzip] Processing entry: client/assets/extensions/default-extension.png
[debug] [2026-03-21T17:04:32.792Z] [unzip] else mkdir: /root/.cache/firebase/emulators/ui-v1.15.0/client/assets/extensions
[debug] [2026-03-21T17:04:32.792Z] [unzip] deflating: /root/.cache/firebase/emulators/ui-v1.15.0/client/assets/extensions/default-extension.png
[debug] [2026-03-21T17:04:32.793Z] [unzip] Entry: client/assets/img/ (compressed_size=0 bytes, uncompressed_size=0 bytes)
[debug] [2026-03-21T17:04:32.793Z] [unzip] Processing entry: client/assets/img/
[debug] [2026-03-21T17:04:32.793Z] [unzip] mkdir: /root/.cache/firebase/emulators/ui-v1.15.0/client/assets/img/
[debug] [2026-03-21T17:04:32.793Z] [unzip] Entry: client/assets/img/database.png (compressed_size=29449 bytes, uncompressed_size=29988 bytes)
[debug] [2026-03-21T17:04:32.793Z] [unzip] Processing entry: client/assets/img/database.png
[debug] [2026-03-21T17:04:32.793Z] [unzip] else mkdir: /root/.cache/firebase/emulators/ui-v1.15.0/client/assets/img
[debug] [2026-03-21T17:04:32.793Z] [unzip] deflating: /root/.cache/firebase/emulators/ui-v1.15.0/client/assets/img/database.png
[debug] [2026-03-21T17:04:32.794Z] [unzip] Entry: client/assets/provider-icons/ (compressed_size=0 bytes, uncompressed_size=0 bytes)
[debug] [2026-03-21T17:04:32.794Z] [unzip] Processing entry: client/assets/provider-icons/
[debug] [2026-03-21T17:04:32.794Z] [unzip] mkdir: /root/.cache/firebase/emulators/ui-v1.15.0/client/assets/provider-icons/
[debug] [2026-03-21T17:04:32.794Z] [unzip] Entry: client/assets/provider-icons/auth_service_saml.svg (compressed_size=575 bytes, uncompressed_size=1226 bytes)
[debug] [2026-03-21T17:04:32.794Z] [unzip] Processing entry: client/assets/provider-icons/auth_service_saml.svg
[debug] [2026-03-21T17:04:32.794Z] [unzip] else mkdir: /root/.cache/firebase/emulators/ui-v1.15.0/client/assets/provider-icons
[debug] [2026-03-21T17:04:32.794Z] [unzip] deflating: /root/.cache/firebase/emulators/ui-v1.15.0/client/assets/provider-icons/auth_service_saml.svg
[debug] [2026-03-21T17:04:32.795Z] [unzip] Entry: client/assets/provider-icons/auth_service_phone.svg (compressed_size=261 bytes, uncompressed_size=414 bytes)
[debug] [2026-03-21T17:04:32.795Z] [unzip] Processing entry: client/assets/provider-icons/auth_service_phone.svg
[debug] [2026-03-21T17:04:32.795Z] [unzip] else mkdir: /root/.cache/firebase/emulators/ui-v1.15.0/client/assets/provider-icons
[debug] [2026-03-21T17:04:32.795Z] [unzip] deflating: /root/.cache/firebase/emulators/ui-v1.15.0/client/assets/provider-icons/auth_service_phone.svg
[debug] [2026-03-21T17:04:32.795Z] [unzip] Entry: client/assets/provider-icons/auth_service_facebook.svg (compressed_size=289 bytes, uncompressed_size=457 bytes)
[debug] [2026-03-21T17:04:32.795Z] [unzip] Processing entry: client/assets/provider-icons/auth_service_facebook.svg
[debug] [2026-03-21T17:04:32.795Z] [unzip] else mkdir: /root/.cache/firebase/emulators/ui-v1.15.0/client/assets/provider-icons
[debug] [2026-03-21T17:04:32.796Z] [unzip] deflating: /root/.cache/firebase/emulators/ui-v1.15.0/client/assets/provider-icons/auth_service_facebook.svg
[debug] [2026-03-21T17:04:32.796Z] [unzip] Entry: client/assets/provider-icons/auth_service_game_center.svg (compressed_size=991 bytes, uncompressed_size=3921 bytes)
[debug] [2026-03-21T17:04:32.796Z] [unzip] Processing entry: client/assets/provider-icons/auth_service_game_center.svg
[debug] [2026-03-21T17:04:32.796Z] [unzip] else mkdir: /root/.cache/firebase/emulators/ui-v1.15.0/client/assets/provider-icons
[debug] [2026-03-21T17:04:32.796Z] [unzip] deflating: /root/.cache/firebase/emulators/ui-v1.15.0/client/assets/provider-icons/auth_service_game_center.svg
[debug] [2026-03-21T17:04:32.797Z] [unzip] Entry: client/assets/provider-icons/auth_service_apple.svg (compressed_size=230 bytes, uncompressed_size=334 bytes)
[debug] [2026-03-21T17:04:32.797Z] [unzip] Processing entry: client/assets/provider-icons/auth_service_apple.svg
[debug] [2026-03-21T17:04:32.797Z] [unzip] else mkdir: /root/.cache/firebase/emulators/ui-v1.15.0/client/assets/provider-icons
[debug] [2026-03-21T17:04:32.797Z] [unzip] deflating: /root/.cache/firebase/emulators/ui-v1.15.0/client/assets/provider-icons/auth_service_apple.svg
[debug] [2026-03-21T17:04:32.797Z] [unzip] Entry: client/assets/provider-icons/auth_service_github.svg (compressed_size=466 bytes, uncompressed_size=838 bytes)
[debug] [2026-03-21T17:04:32.797Z] [unzip] Processing entry: client/assets/provider-icons/auth_service_github.svg
[debug] [2026-03-21T17:04:32.798Z] [unzip] else mkdir: /root/.cache/firebase/emulators/ui-v1.15.0/client/assets/provider-icons
[debug] [2026-03-21T17:04:32.798Z] [unzip] deflating: /root/.cache/firebase/emulators/ui-v1.15.0/client/assets/provider-icons/auth_service_github.svg
[debug] [2026-03-21T17:04:32.798Z] [unzip] Entry: client/assets/provider-icons/auth_service_mslive.svg (compressed_size=203 bytes, uncompressed_size=378 bytes)
[debug] [2026-03-21T17:04:32.798Z] [unzip] Processing entry: client/assets/provider-icons/auth_service_mslive.svg
[debug] [2026-03-21T17:04:32.798Z] [unzip] else mkdir: /root/.cache/firebase/emulators/ui-v1.15.0/client/assets/provider-icons
[debug] [2026-03-21T17:04:32.798Z] [unzip] deflating: /root/.cache/firebase/emulators/ui-v1.15.0/client/assets/provider-icons/auth_service_mslive.svg
[debug] [2026-03-21T17:04:32.799Z] [unzip] Entry: client/assets/provider-icons/auth_service_yahoo.svg (compressed_size=577 bytes, uncompressed_size=1182 bytes)
[debug] [2026-03-21T17:04:32.799Z] [unzip] Processing entry: client/assets/provider-icons/auth_service_yahoo.svg
[debug] [2026-03-21T17:04:32.799Z] [unzip] else mkdir: /root/.cache/firebase/emulators/ui-v1.15.0/client/assets/provider-icons
[debug] [2026-03-21T17:04:32.799Z] [unzip] deflating: /root/.cache/firebase/emulators/ui-v1.15.0/client/assets/provider-icons/auth_service_yahoo.svg
[debug] [2026-03-21T17:04:32.799Z] [unzip] Entry: client/assets/provider-icons/auth_service_twitter.svg (compressed_size=444 bytes, uncompressed_size=751 bytes)
[debug] [2026-03-21T17:04:32.799Z] [unzip] Processing entry: client/assets/provider-icons/auth_service_twitter.svg
[debug] [2026-03-21T17:04:32.799Z] [unzip] else mkdir: /root/.cache/firebase/emulators/ui-v1.15.0/client/assets/provider-icons
[debug] [2026-03-21T17:04:32.800Z] [unzip] deflating: /root/.cache/firebase/emulators/ui-v1.15.0/client/assets/provider-icons/auth_service_twitter.svg
[debug] [2026-03-21T17:04:32.800Z] [unzip] Entry: client/assets/provider-icons/auth_service_play_games.svg (compressed_size=565 bytes, uncompressed_size=1173 bytes)
[debug] [2026-03-21T17:04:32.800Z] [unzip] Processing entry: client/assets/provider-icons/auth_service_play_games.svg
[debug] [2026-03-21T17:04:32.800Z] [unzip] else mkdir: /root/.cache/firebase/emulators/ui-v1.15.0/client/assets/provider-icons
[debug] [2026-03-21T17:04:32.800Z] [unzip] deflating: /root/.cache/firebase/emulators/ui-v1.15.0/client/assets/provider-icons/auth_service_play_games.svg
[debug] [2026-03-21T17:04:32.801Z] [unzip] Entry: client/assets/provider-icons/auth_service_email.svg (compressed_size=228 bytes, uncompressed_size=326 bytes)
[debug] [2026-03-21T17:04:32.801Z] [unzip] Processing entry: client/assets/provider-icons/auth_service_email.svg
[debug] [2026-03-21T17:04:32.801Z] [unzip] else mkdir: /root/.cache/firebase/emulators/ui-v1.15.0/client/assets/provider-icons
[debug] [2026-03-21T17:04:32.801Z] [unzip] deflating: /root/.cache/firebase/emulators/ui-v1.15.0/client/assets/provider-icons/auth_service_email.svg
[debug] [2026-03-21T17:04:32.801Z] [unzip] Entry: client/assets/provider-icons/auth_service_google.svg (compressed_size=409 bytes, uncompressed_size=720 bytes)
[debug] [2026-03-21T17:04:32.801Z] [unzip] Processing entry: client/assets/provider-icons/auth_service_google.svg
[debug] [2026-03-21T17:04:32.801Z] [unzip] else mkdir: /root/.cache/firebase/emulators/ui-v1.15.0/client/assets/provider-icons
[debug] [2026-03-21T17:04:32.802Z] [unzip] deflating: /root/.cache/firebase/emulators/ui-v1.15.0/client/assets/provider-icons/auth_service_google.svg
[debug] [2026-03-21T17:04:32.802Z] [unzip] Entry: client/assets/provider-icons/auth_service_oidc.svg (compressed_size=414 bytes, uncompressed_size=858 bytes)
[debug] [2026-03-21T17:04:32.802Z] [unzip] Processing entry: client/assets/provider-icons/auth_service_oidc.svg
[debug] [2026-03-21T17:04:32.802Z] [unzip] else mkdir: /root/.cache/firebase/emulators/ui-v1.15.0/client/assets/provider-icons
[debug] [2026-03-21T17:04:32.802Z] [unzip] deflating: /root/.cache/firebase/emulators/ui-v1.15.0/client/assets/provider-icons/auth_service_oidc.svg
[debug] [2026-03-21T17:04:32.802Z] [unzip] Entry: client/browserconfig.xml (compressed_size=491 bytes, uncompressed_size=822 bytes)
[debug] [2026-03-21T17:04:32.802Z] [unzip] Processing entry: client/browserconfig.xml
[debug] [2026-03-21T17:04:32.803Z] [unzip] else mkdir: /root/.cache/firebase/emulators/ui-v1.15.0/client
[debug] [2026-03-21T17:04:32.803Z] [unzip] deflating: /root/.cache/firebase/emulators/ui-v1.15.0/client/browserconfig.xml
[debug] [2026-03-21T17:04:32.803Z] [unzip] Entry: client/favicon-32x32.png (compressed_size=475 bytes, uncompressed_size=475 bytes)
[debug] [2026-03-21T17:04:32.803Z] [unzip] Processing entry: client/favicon-32x32.png
[debug] [2026-03-21T17:04:32.803Z] [unzip] else mkdir: /root/.cache/firebase/emulators/ui-v1.15.0/client
[debug] [2026-03-21T17:04:32.803Z] [unzip] Writing file: /root/.cache/firebase/emulators/ui-v1.15.0/client/favicon-32x32.png
[debug] [2026-03-21T17:04:32.804Z] [unzip] Entry: server/ (compressed_size=0 bytes, uncompressed_size=0 bytes)
[debug] [2026-03-21T17:04:32.804Z] [unzip] Processing entry: server/
[debug] [2026-03-21T17:04:32.804Z] [unzip] mkdir: /root/.cache/firebase/emulators/ui-v1.15.0/server/
[debug] [2026-03-21T17:04:32.804Z] [unzip] Entry: server/server.mjs.map (compressed_size=217845 bytes, uncompressed_size=944978 bytes)
[debug] [2026-03-21T17:04:32.804Z] [unzip] Processing entry: server/server.mjs.map
[debug] [2026-03-21T17:04:32.804Z] [unzip] else mkdir: /root/.cache/firebase/emulators/ui-v1.15.0/server
[debug] [2026-03-21T17:04:32.804Z] [unzip] deflating: /root/.cache/firebase/emulators/ui-v1.15.0/server/server.mjs.map
[debug] [2026-03-21T17:04:32.810Z] [unzip] Entry: server/server.mjs (compressed_size=276407 bytes, uncompressed_size=933701 bytes)
[debug] [2026-03-21T17:04:32.810Z] [unzip] Processing entry: server/server.mjs
[debug] [2026-03-21T17:04:32.810Z] [unzip] else mkdir: /root/.cache/firebase/emulators/ui-v1.15.0/server
[debug] [2026-03-21T17:04:32.810Z] [unzip] deflating: /root/.cache/firebase/emulators/ui-v1.15.0/server/server.mjs
[debug] [2026-03-21T17:04:32.819Z] Could not find VSCode notification endpoint: FetchError: request to http://localhost:40001/vscode/notify failed, reason: connect ECONNREFUSED 127.0.0.1:40001. If you are not running the Firebase Data Connect VSCode extension, this is expected and not an issue.
[info] 
┌─────────────────────────────────────────────────────────────┐
│ ✔  All emulators ready! It is now safe to connect your app. │
│ i  View Emulator UI at http://127.0.0.1:4000/               │
└─────────────────────────────────────────────────────────────┘

┌───────────┬──────────────┬─────────────────────────────────┐
│ Emulator  │ Host:Port    │ View in Emulator UI             │
├───────────┼──────────────┼─────────────────────────────────┤
│ Firestore │ 0.0.0.0:8080 │ http://127.0.0.1:4000/firestore │
├───────────┼──────────────┼─────────────────────────────────┤
│ Storage   │ 0.0.0.0:9199 │ http://127.0.0.1:4000/storage   │
└───────────┴──────────────┴─────────────────────────────────┘
  Emulator Hub host: 127.0.0.1 port: 4400
  Other reserved ports: 4500, 9150

Issues? Report them at https://github.com/firebase/firebase-tools/issues and attach the *-debug.log files.
 
[debug] [2026-03-21T17:04:44.205Z] Mar 21, 2026 5:04:44 PM io.gapi.emulators.netty.HttpVersionRoutingHandler channelRead
INFO: Detected non-HTTP/2 connection.
 {"metadata":{"emulator":{"name":"firestore"},"message":"Mar 21, 2026 5:04:44 PM io.gapi.emulators.netty.HttpVersionRoutingHandler channelRead\nINFO: Detected non-HTTP/2 connection.\n"}}
[debug] [2026-03-21T17:04:44.605Z] Mar 21, 2026 5:04:44 PM io.gapi.emulators.netty.HttpVersionRoutingHandler channelRead
INFO: Detected non-HTTP/2 connection.
 {"metadata":{"emulator":{"name":"firestore"},"message":"Mar 21, 2026 5:04:44 PM io.gapi.emulators.netty.HttpVersionRoutingHandler channelRead\nINFO: Detected non-HTTP/2 connection.\n"}}
[debug] [2026-03-21T17:04:44.623Z] Mar 21, 2026 5:04:44 PM io.gapi.emulators.netty.HttpVersionRoutingHandler channelRead
INFO: Detected non-HTTP/2 connection.
 {"metadata":{"emulator":{"name":"firestore"},"message":"Mar 21, 2026 5:04:44 PM io.gapi.emulators.netty.HttpVersionRoutingHandler channelRead\nINFO: Detected non-HTTP/2 connection.\n"}}
[debug] [2026-03-21T17:04:47.403Z] Mar 21, 2026 5:04:47 PM io.gapi.emulators.netty.HttpVersionRoutingHandler channelRead
INFO: Detected non-HTTP/2 connection.
 {"metadata":{"emulator":{"name":"firestore"},"message":"Mar 21, 2026 5:04:47 PM io.gapi.emulators.netty.HttpVersionRoutingHandler channelRead\nINFO: Detected non-HTTP/2 connection.\n"}}
[debug] [2026-03-21T17:04:47.420Z] Mar 21, 2026 5:04:47 PM io.gapi.emulators.netty.HttpVersionRoutingHandler channelRead
INFO: Detected non-HTTP/2 connection.
 {"metadata":{"emulator":{"name":"firestore"},"message":"Mar 21, 2026 5:04:47 PM io.gapi.emulators.netty.HttpVersionRoutingHandler channelRead\nINFO: Detected non-HTTP/2 connection.\n"}}
[debug] [2026-03-21T17:04:56.921Z] Mar 21, 2026 5:04:56 PM io.gapi.emulators.netty.HttpVersionRoutingHandler channelRead
INFO: Detected non-HTTP/2 connection.
 {"metadata":{"emulator":{"name":"firestore"},"message":"Mar 21, 2026 5:04:56 PM io.gapi.emulators.netty.HttpVersionRoutingHandler channelRead\nINFO: Detected non-HTTP/2 connection.\n"}}
[debug] [2026-03-21T17:04:56.936Z] Mar 21, 2026 5:04:56 PM io.gapi.emulators.netty.HttpVersionRoutingHandler channelRead
INFO: Detected non-HTTP/2 connection.
 {"metadata":{"emulator":{"name":"firestore"},"message":"Mar 21, 2026 5:04:56 PM io.gapi.emulators.netty.HttpVersionRoutingHandler channelRead\nINFO: Detected non-HTTP/2 connection.\n"}}
[debug] [2026-03-21T17:04:56.947Z] Mar 21, 2026 5:04:56 PM io.gapi.emulators.netty.HttpVersionRoutingHandler channelRead
INFO: Detected non-HTTP/2 connection.
 {"metadata":{"emulator":{"name":"firestore"},"message":"Mar 21, 2026 5:04:56 PM io.gapi.emulators.netty.HttpVersionRoutingHandler channelRead\nINFO: Detected non-HTTP/2 connection.\n"}}
[debug] [2026-03-21T17:05:56.977Z] Mar 21, 2026 5:05:56 PM io.gapi.emulators.netty.HttpVersionRoutingHandler channelRead
INFO: Detected non-HTTP/2 connection.
 {"metadata":{"emulator":{"name":"firestore"},"message":"Mar 21, 2026 5:05:56 PM io.gapi.emulators.netty.HttpVersionRoutingHandler channelRead\nINFO: Detected non-HTTP/2 connection.\n"}}
[debug] [2026-03-21T17:05:57.786Z] Mar 21, 2026 5:05:57 PM io.gapi.emulators.netty.HttpVersionRoutingHandler channelRead
INFO: Detected non-HTTP/2 connection.
 {"metadata":{"emulator":{"name":"firestore"},"message":"Mar 21, 2026 5:05:57 PM io.gapi.emulators.netty.HttpVersionRoutingHandler channelRead\nINFO: Detected non-HTTP/2 connection.\n"}}
[debug] [2026-03-21T17:05:57.791Z] Mar 21, 2026 5:05:57 PM com.google.cloud.datastore.emulator.firestore.webchannel.FirestoreV1WebChannelAdapter$FirestoreListenHandler onClose
INFO: channel closed
 {"metadata":{"emulator":{"name":"firestore"},"message":"Mar 21, 2026 5:05:57 PM com.google.cloud.datastore.emulator.firestore.webchannel.FirestoreV1WebChannelAdapter$FirestoreListenHandler onClose\nINFO: channel closed\n"}}
[debug] [2026-03-21T17:07:30.838Z] Mar 21, 2026 5:07:30 PM io.gapi.emulators.netty.HttpVersionRoutingHandler channelRead
INFO: Detected HTTP/2 connection.
 {"metadata":{"emulator":{"name":"firestore"},"message":"Mar 21, 2026 5:07:30 PM io.gapi.emulators.netty.HttpVersionRoutingHandler channelRead\nINFO: Detected HTTP/2 connection.\n"}}
[debug] [2026-03-21T17:07:43.064Z] Mar 21, 2026 5:07:43 PM io.gapi.emulators.netty.HttpVersionRoutingHandler channelRead
INFO: Detected HTTP/2 connection.
 {"metadata":{"emulator":{"name":"firestore"},"message":"Mar 21, 2026 5:07:43 PM io.gapi.emulators.netty.HttpVersionRoutingHandler channelRead\nINFO: Detected HTTP/2 connection.\n"}}
[debug] [2026-03-21T17:08:21.011Z] Mar 21, 2026 5:08:21 PM io.gapi.emulators.netty.HttpVersionRoutingHandler channelRead
INFO: Detected non-HTTP/2 connection.
 {"metadata":{"emulator":{"name":"firestore"},"message":"Mar 21, 2026 5:08:21 PM io.gapi.emulators.netty.HttpVersionRoutingHandler channelRead\nINFO: Detected non-HTTP/2 connection.\n"}}
[debug] [2026-03-21T17:08:21.034Z] Mar 21, 2026 5:08:21 PM io.gapi.emulators.netty.HttpVersionRoutingHandler channelRead
INFO: Detected non-HTTP/2 connection.
 {"metadata":{"emulator":{"name":"firestore"},"message":"Mar 21, 2026 5:08:21 PM io.gapi.emulators.netty.HttpVersionRoutingHandler channelRead\nINFO: Detected non-HTTP/2 connection.\n"}}
[debug] [2026-03-21T17:08:21.046Z] Mar 21, 2026 5:08:21 PM io.gapi.emulators.netty.HttpVersionRoutingHandler channelRead
INFO: Detected non-HTTP/2 connection.
 {"metadata":{"emulator":{"name":"firestore"},"message":"Mar 21, 2026 5:08:21 PM io.gapi.emulators.netty.HttpVersionRoutingHandler channelRead\nINFO: Detected non-HTTP/2 connection.\n"}}
[debug] [2026-03-21T17:08:21.053Z] Mar 21, 2026 5:08:21 PM io.gapi.emulators.netty.HttpVersionRoutingHandler channelRead
INFO: Detected non-HTTP/2 connection.
 {"metadata":{"emulator":{"name":"firestore"},"message":"Mar 21, 2026 5:08:21 PM io.gapi.emulators.netty.HttpVersionRoutingHandler channelRead\nINFO: Detected non-HTTP/2 connection.\n"}}
[debug] [2026-03-21T17:08:21.116Z] Mar 21, 2026 5:08:21 PM io.gapi.emulators.netty.HttpVersionRoutingHandler channelRead
INFO: Detected non-HTTP/2 connection.
 {"metadata":{"emulator":{"name":"firestore"},"message":"Mar 21, 2026 5:08:21 PM io.gapi.emulators.netty.HttpVersionRoutingHandler channelRead\nINFO: Detected non-HTTP/2 connection.\n"}}
[debug] [2026-03-21T17:08:22.170Z] Mar 21, 2026 5:08:22 PM io.gapi.emulators.netty.HttpVersionRoutingHandler channelRead
INFO: Detected non-HTTP/2 connection.
 {"metadata":{"emulator":{"name":"firestore"},"message":"Mar 21, 2026 5:08:22 PM io.gapi.emulators.netty.HttpVersionRoutingHandler channelRead\nINFO: Detected non-HTTP/2 connection.\n"}}
[debug] [2026-03-21T17:08:22.187Z] Mar 21, 2026 5:08:22 PM io.gapi.emulators.netty.HttpVersionRoutingHandler channelRead
INFO: Detected non-HTTP/2 connection.
 {"metadata":{"emulator":{"name":"firestore"},"message":"Mar 21, 2026 5:08:22 PM io.gapi.emulators.netty.HttpVersionRoutingHandler channelRead\nINFO: Detected non-HTTP/2 connection.\n"}}
[debug] [2026-03-21T17:08:22.208Z] Mar 21, 2026 5:08:22 PM io.gapi.emulators.netty.HttpVersionRoutingHandler channelRead
INFO: Detected non-HTTP/2 connection.
 {"metadata":{"emulator":{"name":"firestore"},"message":"Mar 21, 2026 5:08:22 PM io.gapi.emulators.netty.HttpVersionRoutingHandler channelRead\nINFO: Detected non-HTTP/2 connection.\n"}}
[debug] [2026-03-21T17:08:23.913Z] Mar 21, 2026 5:08:23 PM io.gapi.emulators.netty.HttpVersionRoutingHandler channelRead
INFO: Detected HTTP/2 connection.
 {"metadata":{"emulator":{"name":"firestore"},"message":"Mar 21, 2026 5:08:23 PM io.gapi.emulators.netty.HttpVersionRoutingHandler channelRead\nINFO: Detected HTTP/2 connection.\n"}}
[debug] [2026-03-21T17:09:22.212Z] Mar 21, 2026 5:09:22 PM io.gapi.emulators.netty.HttpVersionRoutingHandler channelRead
INFO: Detected non-HTTP/2 connection.
 {"metadata":{"emulator":{"name":"firestore"},"message":"Mar 21, 2026 5:09:22 PM io.gapi.emulators.netty.HttpVersionRoutingHandler channelRead\nINFO: Detected non-HTTP/2 connection.\n"}}
[debug] [2026-03-21T17:09:22.217Z] Mar 21, 2026 5:09:22 PM com.google.cloud.datastore.emulator.firestore.webchannel.FirestoreV1WebChannelAdapter$FirestoreListenHandler onClose
INFO: channel closed
 {"metadata":{"emulator":{"name":"firestore"},"message":"Mar 21, 2026 5:09:22 PM com.google.cloud.datastore.emulator.firestore.webchannel.FirestoreV1WebChannelAdapter$FirestoreListenHandler onClose\nINFO: channel closed\n"}}
[debug] [2026-03-21T17:12:55.391Z] Mar 21, 2026 5:12:55 PM io.gapi.emulators.netty.HttpVersionRoutingHandler channelRead
INFO: Detected non-HTTP/2 connection.
 {"metadata":{"emulator":{"name":"firestore"},"message":"Mar 21, 2026 5:12:55 PM io.gapi.emulators.netty.HttpVersionRoutingHandler channelRead\nINFO: Detected non-HTTP/2 connection.\n"}}
[debug] [2026-03-21T17:12:55.420Z] Mar 21, 2026 5:12:55 PM io.gapi.emulators.netty.HttpVersionRoutingHandler channelRead
INFO: Detected HTTP/2 connection.
 {"metadata":{"emulator":{"name":"firestore"},"message":"Mar 21, 2026 5:12:55 PM io.gapi.emulators.netty.HttpVersionRoutingHandler channelRead\nINFO: Detected HTTP/2 connection.\n"}}
[debug] [2026-03-21T17:12:55.440Z] Mar 21, 2026 5:12:55 PM io.gapi.emulators.netty.HttpVersionRoutingHandler channelRead
INFO: Detected non-HTTP/2 connection.
 {"metadata":{"emulator":{"name":"firestore"},"message":"Mar 21, 2026 5:12:55 PM io.gapi.emulators.netty.HttpVersionRoutingHandler channelRead\nINFO: Detected non-HTTP/2 connection.\n"}}
[debug] [2026-03-21T17:12:55.490Z] Mar 21, 2026 5:12:55 PM io.gapi.emulators.netty.HttpVersionRoutingHandler channelRead
INFO: Detected non-HTTP/2 connection.
 {"metadata":{"emulator":{"name":"firestore"},"message":"Mar 21, 2026 5:12:55 PM io.gapi.emulators.netty.HttpVersionRoutingHandler channelRead\nINFO: Detected non-HTTP/2 connection.\n"}}
[debug] [2026-03-21T17:12:55.577Z] Mar 21, 2026 5:12:55 PM io.gapi.emulators.netty.HttpVersionRoutingHandler channelRead
INFO: Detected non-HTTP/2 connection.
 {"metadata":{"emulator":{"name":"firestore"},"message":"Mar 21, 2026 5:12:55 PM io.gapi.emulators.netty.HttpVersionRoutingHandler channelRead\nINFO: Detected non-HTTP/2 connection.\n"}}
[debug] [2026-03-21T17:13:02.374Z] Mar 21, 2026 5:13:02 PM io.gapi.emulators.netty.HttpVersionRoutingHandler channelRead
INFO: Detected non-HTTP/2 connection.
 {"metadata":{"emulator":{"name":"firestore"},"message":"Mar 21, 2026 5:13:02 PM io.gapi.emulators.netty.HttpVersionRoutingHandler channelRead\nINFO: Detected non-HTTP/2 connection.\n"}}
[debug] [2026-03-21T17:13:03.222Z] Mar 21, 2026 5:13:03 PM io.gapi.emulators.netty.HttpVersionRoutingHandler channelRead
INFO: Detected non-HTTP/2 connection.
 {"metadata":{"emulator":{"name":"firestore"},"message":"Mar 21, 2026 5:13:03 PM io.gapi.emulators.netty.HttpVersionRoutingHandler channelRead\nINFO: Detected non-HTTP/2 connection.\n"}}
[debug] [2026-03-21T17:13:03.988Z] Mar 21, 2026 5:13:03 PM io.gapi.emulators.netty.HttpVersionRoutingHandler channelRead
INFO: Detected non-HTTP/2 connection.
 {"metadata":{"emulator":{"name":"firestore"},"message":"Mar 21, 2026 5:13:03 PM io.gapi.emulators.netty.HttpVersionRoutingHandler channelRead\nINFO: Detected non-HTTP/2 connection.\n"}}
[debug] [2026-03-21T17:13:10.721Z] Mar 21, 2026 5:13:10 PM io.gapi.emulators.netty.HttpVersionRoutingHandler channelRead
INFO: Detected non-HTTP/2 connection.
 {"metadata":{"emulator":{"name":"firestore"},"message":"Mar 21, 2026 5:13:10 PM io.gapi.emulators.netty.HttpVersionRoutingHandler channelRead\nINFO: Detected non-HTTP/2 connection.\n"}}
[debug] [2026-03-21T17:13:11.559Z] Mar 21, 2026 5:13:11 PM io.gapi.emulators.netty.HttpVersionRoutingHandler channelRead
INFO: Detected non-HTTP/2 connection.
 {"metadata":{"emulator":{"name":"firestore"},"message":"Mar 21, 2026 5:13:11 PM io.gapi.emulators.netty.HttpVersionRoutingHandler channelRead\nINFO: Detected non-HTTP/2 connection.\n"}}
[debug] [2026-03-21T17:13:12.420Z] Mar 21, 2026 5:13:12 PM io.gapi.emulators.netty.HttpVersionRoutingHandler channelRead
INFO: Detected non-HTTP/2 connection.
 {"metadata":{"emulator":{"name":"firestore"},"message":"Mar 21, 2026 5:13:12 PM io.gapi.emulators.netty.HttpVersionRoutingHandler channelRead\nINFO: Detected non-HTTP/2 connection.\n"}}
[debug] [2026-03-21T17:13:13.286Z] Mar 21, 2026 5:13:13 PM io.gapi.emulators.netty.HttpVersionRoutingHandler channelRead
INFO: Detected non-HTTP/2 connection.
 {"metadata":{"emulator":{"name":"firestore"},"message":"Mar 21, 2026 5:13:13 PM io.gapi.emulators.netty.HttpVersionRoutingHandler channelRead\nINFO: Detected non-HTTP/2 connection.\n"}}
[debug] [2026-03-21T17:13:15.099Z] Mar 21, 2026 5:13:15 PM io.gapi.emulators.netty.HttpVersionRoutingHandler channelRead
INFO: Detected non-HTTP/2 connection.
 {"metadata":{"emulator":{"name":"firestore"},"message":"Mar 21, 2026 5:13:15 PM io.gapi.emulators.netty.HttpVersionRoutingHandler channelRead\nINFO: Detected non-HTTP/2 connection.\n"}}
[debug] [2026-03-21T17:13:15.103Z] Mar 21, 2026 5:13:15 PM com.google.cloud.datastore.emulator.firestore.webchannel.FirestoreV1WebChannelAdapter$FirestoreListenHandler onClose
INFO: channel closed
 {"metadata":{"emulator":{"name":"firestore"},"message":"Mar 21, 2026 5:13:15 PM com.google.cloud.datastore.emulator.firestore.webchannel.FirestoreV1WebChannelAdapter$FirestoreListenHandler onClose\nINFO: channel closed\n"}}
[debug] [2026-03-21T17:26:03.594Z] ----------------------------------------------------------------------
[debug] [2026-03-21T17:26:03.596Z] Command:       /usr/local/bin/node /usr/local/bin/firebase emulators:start --project demo-aspenleafshelties --only firestore,storage
[debug] [2026-03-21T17:26:03.596Z] CLI Version:   15.11.0
[debug] [2026-03-21T17:26:03.596Z] Platform:      linux
[debug] [2026-03-21T17:26:03.596Z] Node Version:  v22.14.0
[debug] [2026-03-21T17:26:03.597Z] Time:          Sat Mar 21 2026 17:26:03 GMT+0000 (Coordinated Universal Time)
[debug] [2026-03-21T17:26:03.597Z] ----------------------------------------------------------------------
[debug] 
[debug] [2026-03-21T17:26:03.599Z] >>> [apiv2][query] GET https://firebase-public.firebaseio.com/cli.json [none]
[debug] [2026-03-21T17:26:04.425Z] openjdk version "21.0.10" 2026-01-20 LTS

[debug] [2026-03-21T17:26:04.425Z] OpenJDK Runtime Environment Temurin-21.0.10+7 (build 21.0.10+7-LTS)
OpenJDK 64-Bit Server VM Temurin-21.0.10+7 (build 21.0.10+7-LTS, mixed mode, sharing)

[debug] [2026-03-21T17:26:04.429Z] Parsed Java major version: 21
[info] i  emulators: Starting emulators: firestore, storage {"metadata":{"emulator":{"name":"hub"},"message":"Starting emulators: firestore, storage"}}
[info] i  emulators: Detected demo project ID "demo-aspenleafshelties", emulated services will use a demo configuration and attempts to access non-emulated services for this project will fail. {"metadata":{"emulator":{"name":"hub"},"message":"Detected demo project ID \"demo-aspenleafshelties\", emulated services will use a demo configuration and attempts to access non-emulated services for this project will fail."}}
[debug] [2026-03-21T17:26:04.434Z] [logging] Logging Emulator only supports listening on one address (127.0.0.1). Not listening on ::1
[debug] [2026-03-21T17:26:04.434Z] assigned listening specs for emulators {"user":{"ui":[{"address":"0.0.0.0","family":"IPv4","port":4000}],"firestore":[{"address":"0.0.0.0","family":"IPv4","port":8080}],"firestore.websocket":[{"address":"0.0.0.0","family":"IPv4","port":9150}],"storage":[{"address":"0.0.0.0","family":"IPv4","port":9199}],"hub":[{"address":"127.0.0.1","family":"IPv4","port":4400},{"address":"::1","family":"IPv6","port":4400}],"logging":[{"address":"127.0.0.1","family":"IPv4","port":4500}]},"metadata":{"message":"assigned listening specs for emulators"}}
[debug] [2026-03-21T17:26:04.437Z] Write emulator hub locator at /tmp/hub-demo-aspenleafshelties.json
[debug] [2026-03-21T17:26:04.446Z] Ignoring unsupported arg: auto_download {"metadata":{"emulator":{"name":"firestore"},"message":"Ignoring unsupported arg: auto_download"}}
[debug] [2026-03-21T17:26:04.446Z] Ignoring unsupported arg: single_project_mode_error {"metadata":{"emulator":{"name":"firestore"},"message":"Ignoring unsupported arg: single_project_mode_error"}}
[debug] [2026-03-21T17:26:04.446Z] Starting Firestore Emulator with command {"binary":"java","args":["-Dgoogle.cloud_firestore.debug_log_level=FINE","-Duser.language=en","-jar","/root/.cache/firebase/emulators/cloud-firestore-emulator-v1.20.4.jar","--host","0.0.0.0","--port",8080,"--websocket_port",9150,"--project_id","demo-aspenleafshelties","--rules","/workspace/firestore.rules","--single_project_mode",true],"optionalArgs":["port","webchannel_port","host","rules","websocket_port","functions_emulator","seed_from_export","project_id","single_project_mode"],"joinArgs":false,"shell":false,"port":8080} {"metadata":{"emulator":{"name":"firestore"},"message":"Starting Firestore Emulator with command {\"binary\":\"java\",\"args\":[\"-Dgoogle.cloud_firestore.debug_log_level=FINE\",\"-Duser.language=en\",\"-jar\",\"/root/.cache/firebase/emulators/cloud-firestore-emulator-v1.20.4.jar\",\"--host\",\"0.0.0.0\",\"--port\",8080,\"--websocket_port\",9150,\"--project_id\",\"demo-aspenleafshelties\",\"--rules\",\"/workspace/firestore.rules\",\"--single_project_mode\",true],\"optionalArgs\":[\"port\",\"webchannel_port\",\"host\",\"rules\",\"websocket_port\",\"functions_emulator\",\"seed_from_export\",\"project_id\",\"single_project_mode\"],\"joinArgs\":false,\"shell\":false,\"port\":8080}"}}
[info] i  firestore: Firestore Emulator logging to firestore-debug.log {"metadata":{"emulator":{"name":"firestore"},"message":"Firestore Emulator logging to firestore-debug.log"}}
[debug] [2026-03-21T17:26:04.465Z] <<< [apiv2][status] GET https://firebase-public.firebaseio.com/cli.json 200
[debug] [2026-03-21T17:26:04.466Z] <<< [apiv2][body] GET https://firebase-public.firebaseio.com/cli.json {"cloudBuildErrorAfter":1594252800000,"cloudBuildWarnAfter":1590019200000,"defaultNode10After":1594252800000,"minVersion":"3.0.5","node8DeploysDisabledAfter":1613390400000,"node8RuntimeDisabledAfter":1615809600000,"node8WarnAfter":1600128000000}
[debug] [2026-03-21T17:26:05.809Z] Mar 21, 2026 5:26:05 PM com.google.cloud.datastore.emulator.firestore.websocket.WebSocketServer start
INFO: Started WebSocket server on ws://0.0.0.0:9150
 {"metadata":{"emulator":{"name":"firestore"},"message":"Mar 21, 2026 5:26:05 PM com.google.cloud.datastore.emulator.firestore.websocket.WebSocketServer start\nINFO: Started WebSocket server on ws://0.0.0.0:9150\n"}}
[debug] [2026-03-21T17:26:05.835Z] 
API endpoint: http://0.0.0.0:8080
 {"metadata":{"emulator":{"name":"firestore"},"message":"\nAPI endpoint: http://0.0.0.0:8080\n"}}
[debug] [2026-03-21T17:26:05.835Z] Database Edition: STANDARD
Database Mode: CLOUD_FIRESTORE

If you are using a library that supports the FIRESTORE_EMULATOR_HOST environment variable, run:

   export FIRESTORE_EMULATOR_HOST=0.0.0.0:8080

If you are running a Firestore in Datastore Mode project, run:

   export DATASTORE_EMULATOR_HOST=0.0.0.0:8080

Note: Support for Datastore Mode is in preview. If you encounter any bugs please file at https://github.com/firebase/firebase-tools/issues.
Dev App Server is now running.

 {"metadata":{"emulator":{"name":"firestore"},"message":"Database Edition: STANDARD\nDatabase Mode: CLOUD_FIRESTORE\n\nIf you are using a library that supports the FIRESTORE_EMULATOR_HOST environment variable, run:\n\n   export FIRESTORE_EMULATOR_HOST=0.0.0.0:8080\n\nIf you are running a Firestore in Datastore Mode project, run:\n\n   export DATASTORE_EMULATOR_HOST=0.0.0.0:8080\n\nNote: Support for Datastore Mode is in preview. If you encounter any bugs please file at https://github.com/firebase/firebase-tools/issues.\nDev App Server is now running.\n\n"}}
[info] ✔  firestore: Firestore Emulator UI websocket is running on 9150. {"metadata":{"emulator":{"name":"firestore"},"message":"Firestore Emulator UI websocket is running on 9150."}}
[debug] [2026-03-21T17:26:05.871Z] Ignoring unsupported arg: port {"metadata":{"emulator":{"name":"storage"},"message":"Ignoring unsupported arg: port"}}
[debug] [2026-03-21T17:26:06.430Z] Temp file directory for storage emulator: /tmp/firebase/storage/blobs {"metadata":{"emulator":{"name":"storage"},"message":"Temp file directory for storage emulator: /tmp/firebase/storage/blobs"}}
[debug] [2026-03-21T17:26:06.440Z] Could not find VSCode notification endpoint: FetchError: request to http://localhost:40001/vscode/notify failed, reason: connect ECONNREFUSED 127.0.0.1:40001. If you are not running the Firebase Data Connect VSCode extension, this is expected and not an issue.
[info] 
┌─────────────────────────────────────────────────────────────┐
│ ✔  All emulators ready! It is now safe to connect your app. │
│ i  View Emulator UI at http://127.0.0.1:4000/               │
└─────────────────────────────────────────────────────────────┘

┌───────────┬──────────────┬─────────────────────────────────┐
│ Emulator  │ Host:Port    │ View in Emulator UI             │
├───────────┼──────────────┼─────────────────────────────────┤
│ Firestore │ 0.0.0.0:8080 │ http://127.0.0.1:4000/firestore │
├───────────┼──────────────┼─────────────────────────────────┤
│ Storage   │ 0.0.0.0:9199 │ http://127.0.0.1:4000/storage   │
└───────────┴──────────────┴─────────────────────────────────┘
  Emulator Hub host: 127.0.0.1 port: 4400
  Other reserved ports: 4500, 9150

Issues? Report them at https://github.com/firebase/firebase-tools/issues and attach the *-debug.log files.
 
[debug] [2026-03-21T17:26:16.491Z] Mar 21, 2026 5:26:16 PM io.gapi.emulators.netty.HttpVersionRoutingHandler channelRead
INFO: Detected non-HTTP/2 connection.
 {"metadata":{"emulator":{"name":"firestore"},"message":"Mar 21, 2026 5:26:16 PM io.gapi.emulators.netty.HttpVersionRoutingHandler channelRead\nINFO: Detected non-HTTP/2 connection.\n"}}
[debug] [2026-03-21T17:26:16.623Z] Mar 21, 2026 5:26:16 PM io.gapi.emulators.netty.HttpVersionRoutingHandler channelRead
INFO: Detected HTTP/2 connection.
 {"metadata":{"emulator":{"name":"firestore"},"message":"Mar 21, 2026 5:26:16 PM io.gapi.emulators.netty.HttpVersionRoutingHandler channelRead\nINFO: Detected HTTP/2 connection.\n"}}
[debug] [2026-03-21T17:26:41.820Z] Mar 21, 2026 5:26:41 PM io.gapi.emulators.netty.HttpVersionRoutingHandler channelRead
INFO: Detected non-HTTP/2 connection.
 {"metadata":{"emulator":{"name":"firestore"},"message":"Mar 21, 2026 5:26:41 PM io.gapi.emulators.netty.HttpVersionRoutingHandler channelRead\nINFO: Detected non-HTTP/2 connection.\n"}}
[debug] [2026-03-21T17:26:42.057Z] Mar 21, 2026 5:26:42 PM io.gapi.emulators.netty.HttpVersionRoutingHandler channelRead
INFO: Detected non-HTTP/2 connection.
 {"metadata":{"emulator":{"name":"firestore"},"message":"Mar 21, 2026 5:26:42 PM io.gapi.emulators.netty.HttpVersionRoutingHandler channelRead\nINFO: Detected non-HTTP/2 connection.\n"}}
[debug] [2026-03-21T17:26:42.073Z] Mar 21, 2026 5:26:42 PM io.gapi.emulators.netty.HttpVersionRoutingHandler channelRead
INFO: Detected non-HTTP/2 connection.
 {"metadata":{"emulator":{"name":"firestore"},"message":"Mar 21, 2026 5:26:42 PM io.gapi.emulators.netty.HttpVersionRoutingHandler channelRead\nINFO: Detected non-HTTP/2 connection.\n"}}
[debug] [2026-03-21T17:27:42.132Z] Mar 21, 2026 5:27:42 PM io.gapi.emulators.netty.HttpVersionRoutingHandler channelRead
INFO: Detected non-HTTP/2 connection.
 {"metadata":{"emulator":{"name":"firestore"},"message":"Mar 21, 2026 5:27:42 PM io.gapi.emulators.netty.HttpVersionRoutingHandler channelRead\nINFO: Detected non-HTTP/2 connection.\n"}}
[debug] [2026-03-21T17:27:42.794Z] Mar 21, 2026 5:27:42 PM io.gapi.emulators.netty.HttpVersionRoutingHandler channelRead
INFO: Detected non-HTTP/2 connection.
 {"metadata":{"emulator":{"name":"firestore"},"message":"Mar 21, 2026 5:27:42 PM io.gapi.emulators.netty.HttpVersionRoutingHandler channelRead\nINFO: Detected non-HTTP/2 connection.\n"}}
[debug] [2026-03-21T17:27:42.799Z] Mar 21, 2026 5:27:42 PM com.google.cloud.datastore.emulator.firestore.webchannel.FirestoreV1WebChannelAdapter$FirestoreListenHandler onClose
INFO: channel closed
 {"metadata":{"emulator":{"name":"firestore"},"message":"Mar 21, 2026 5:27:42 PM com.google.cloud.datastore.emulator.firestore.webchannel.FirestoreV1WebChannelAdapter$FirestoreListenHandler onClose\nINFO: channel closed\n"}}
[debug] [2026-03-21T17:28:43.392Z] Mar 21, 2026 5:28:43 PM io.gapi.emulators.netty.HttpVersionRoutingHandler channelRead
INFO: Detected HTTP/2 connection.
 {"metadata":{"emulator":{"name":"firestore"},"message":"Mar 21, 2026 5:28:43 PM io.gapi.emulators.netty.HttpVersionRoutingHandler channelRead\nINFO: Detected HTTP/2 connection.\n"}}
[debug] [2026-03-21T17:29:09.117Z] Mar 21, 2026 5:29:09 PM io.gapi.emulators.netty.HttpVersionRoutingHandler channelRead
INFO: Detected non-HTTP/2 connection.
 {"metadata":{"emulator":{"name":"firestore"},"message":"Mar 21, 2026 5:29:09 PM io.gapi.emulators.netty.HttpVersionRoutingHandler channelRead\nINFO: Detected non-HTTP/2 connection.\n"}}
[debug] [2026-03-21T17:29:09.140Z] Mar 21, 2026 5:29:09 PM io.gapi.emulators.netty.HttpVersionRoutingHandler channelRead
INFO: Detected non-HTTP/2 connection.
 {"metadata":{"emulator":{"name":"firestore"},"message":"Mar 21, 2026 5:29:09 PM io.gapi.emulators.netty.HttpVersionRoutingHandler channelRead\nINFO: Detected non-HTTP/2 connection.\n"}}
[debug] [2026-03-21T17:29:09.164Z] Mar 21, 2026 5:29:09 PM io.gapi.emulators.netty.HttpVersionRoutingHandler channelRead
INFO: Detected non-HTTP/2 connection.
 {"metadata":{"emulator":{"name":"firestore"},"message":"Mar 21, 2026 5:29:09 PM io.gapi.emulators.netty.HttpVersionRoutingHandler channelRead\nINFO: Detected non-HTTP/2 connection.\n"}}
[debug] [2026-03-21T17:29:09.174Z] Mar 21, 2026 5:29:09 PM io.gapi.emulators.netty.HttpVersionRoutingHandler channelRead
INFO: Detected non-HTTP/2 connection.
 {"metadata":{"emulator":{"name":"firestore"},"message":"Mar 21, 2026 5:29:09 PM io.gapi.emulators.netty.HttpVersionRoutingHandler channelRead\nINFO: Detected non-HTTP/2 connection.\n"}}
[debug] [2026-03-21T17:29:09.262Z] Mar 21, 2026 5:29:09 PM io.gapi.emulators.netty.HttpVersionRoutingHandler channelRead
INFO: Detected non-HTTP/2 connection.
 {"metadata":{"emulator":{"name":"firestore"},"message":"Mar 21, 2026 5:29:09 PM io.gapi.emulators.netty.HttpVersionRoutingHandler channelRead\nINFO: Detected non-HTTP/2 connection.\n"}}
[debug] [2026-03-21T17:30:09.282Z] Mar 21, 2026 5:30:09 PM io.gapi.emulators.netty.HttpVersionRoutingHandler channelRead
INFO: Detected non-HTTP/2 connection.
 {"metadata":{"emulator":{"name":"firestore"},"message":"Mar 21, 2026 5:30:09 PM io.gapi.emulators.netty.HttpVersionRoutingHandler channelRead\nINFO: Detected non-HTTP/2 connection.\n"}}
[debug] [2026-03-21T17:30:09.809Z] Mar 21, 2026 5:30:09 PM io.gapi.emulators.netty.HttpVersionRoutingHandler channelRead
INFO: Detected non-HTTP/2 connection.
 {"metadata":{"emulator":{"name":"firestore"},"message":"Mar 21, 2026 5:30:09 PM io.gapi.emulators.netty.HttpVersionRoutingHandler channelRead\nINFO: Detected non-HTTP/2 connection.\n"}}
[debug] [2026-03-21T17:30:09.818Z] Mar 21, 2026 5:30:09 PM com.google.cloud.datastore.emulator.firestore.webchannel.FirestoreV1WebChannelAdapter$FirestoreListenHandler onClose
INFO: channel closed
 {"metadata":{"emulator":{"name":"firestore"},"message":"Mar 21, 2026 5:30:09 PM com.google.cloud.datastore.emulator.firestore.webchannel.FirestoreV1WebChannelAdapter$FirestoreListenHandler onClose\nINFO: channel closed\n"}}
[debug] [2026-03-21T17:31:54.814Z] ----------------------------------------------------------------------
[debug] [2026-03-21T17:31:54.817Z] Command:       /usr/local/bin/node /usr/local/bin/firebase emulators:start --project demo-aspenleafshelties --only firestore,storage --import=.firebase/emulator-data --export-on-exit=.firebase/emulator-data
[debug] [2026-03-21T17:31:54.817Z] CLI Version:   15.11.0
[debug] [2026-03-21T17:31:54.817Z] Platform:      linux
[debug] [2026-03-21T17:31:54.817Z] Node Version:  v22.14.0
[debug] [2026-03-21T17:31:54.818Z] Time:          Sat Mar 21 2026 17:31:54 GMT+0000 (Coordinated Universal Time)
[debug] [2026-03-21T17:31:54.818Z] ----------------------------------------------------------------------
[debug] 
[debug] [2026-03-21T17:31:54.819Z] >>> [apiv2][query] GET https://firebase-public.firebaseio.com/cli.json [none]
[debug] [2026-03-21T17:31:55.512Z] openjdk version "21.0.10" 2026-01-20 LTS

[debug] [2026-03-21T17:31:55.512Z] OpenJDK Runtime Environment Temurin-21.0.10+7 (build 21.0.10+7-LTS)
OpenJDK 64-Bit Server VM Temurin-21.0.10+7 (build 21.0.10+7-LTS, mixed mode, sharing)

[debug] [2026-03-21T17:31:55.515Z] Parsed Java major version: 21
[info] i  emulators: Starting emulators: firestore, storage {"metadata":{"emulator":{"name":"hub"},"message":"Starting emulators: firestore, storage"}}
[info] i  emulators: Detected demo project ID "demo-aspenleafshelties", emulated services will use a demo configuration and attempts to access non-emulated services for this project will fail. {"metadata":{"emulator":{"name":"hub"},"message":"Detected demo project ID \"demo-aspenleafshelties\", emulated services will use a demo configuration and attempts to access non-emulated services for this project will fail."}}
[debug] [2026-03-21T17:31:55.519Z] [logging] Logging Emulator only supports listening on one address (127.0.0.1). Not listening on ::1
[debug] [2026-03-21T17:31:55.519Z] assigned listening specs for emulators {"user":{"ui":[{"address":"0.0.0.0","family":"IPv4","port":4000}],"firestore":[{"address":"0.0.0.0","family":"IPv4","port":8080}],"firestore.websocket":[{"address":"0.0.0.0","family":"IPv4","port":9150}],"storage":[{"address":"0.0.0.0","family":"IPv4","port":9199}],"hub":[{"address":"127.0.0.1","family":"IPv4","port":4400},{"address":"::1","family":"IPv6","port":4400}],"logging":[{"address":"127.0.0.1","family":"IPv4","port":4500}]},"metadata":{"message":"assigned listening specs for emulators"}}
[debug] [2026-03-21T17:31:55.522Z] Write emulator hub locator at /tmp/hub-demo-aspenleafshelties.json
[warn] ⚠  emulators: Could not find import/export metadata file, skipping data import! {"metadata":{"emulator":{"name":"hub"},"message":"Could not find import/export metadata file, skipping data import!"}}
[debug] [2026-03-21T17:31:55.528Z] Ignoring unsupported arg: auto_download {"metadata":{"emulator":{"name":"firestore"},"message":"Ignoring unsupported arg: auto_download"}}
[debug] [2026-03-21T17:31:55.528Z] Ignoring unsupported arg: single_project_mode_error {"metadata":{"emulator":{"name":"firestore"},"message":"Ignoring unsupported arg: single_project_mode_error"}}
[debug] [2026-03-21T17:31:55.528Z] Starting Firestore Emulator with command {"binary":"java","args":["-Dgoogle.cloud_firestore.debug_log_level=FINE","-Duser.language=en","-jar","/root/.cache/firebase/emulators/cloud-firestore-emulator-v1.20.4.jar","--host","0.0.0.0","--port",8080,"--websocket_port",9150,"--project_id","demo-aspenleafshelties","--rules","/workspace/firestore.rules","--single_project_mode",true],"optionalArgs":["port","webchannel_port","host","rules","websocket_port","functions_emulator","seed_from_export","project_id","single_project_mode"],"joinArgs":false,"shell":false,"port":8080} {"metadata":{"emulator":{"name":"firestore"},"message":"Starting Firestore Emulator with command {\"binary\":\"java\",\"args\":[\"-Dgoogle.cloud_firestore.debug_log_level=FINE\",\"-Duser.language=en\",\"-jar\",\"/root/.cache/firebase/emulators/cloud-firestore-emulator-v1.20.4.jar\",\"--host\",\"0.0.0.0\",\"--port\",8080,\"--websocket_port\",9150,\"--project_id\",\"demo-aspenleafshelties\",\"--rules\",\"/workspace/firestore.rules\",\"--single_project_mode\",true],\"optionalArgs\":[\"port\",\"webchannel_port\",\"host\",\"rules\",\"websocket_port\",\"functions_emulator\",\"seed_from_export\",\"project_id\",\"single_project_mode\"],\"joinArgs\":false,\"shell\":false,\"port\":8080}"}}
[info] i  firestore: Firestore Emulator logging to firestore-debug.log {"metadata":{"emulator":{"name":"firestore"},"message":"Firestore Emulator logging to firestore-debug.log"}}
[debug] [2026-03-21T17:31:55.570Z] <<< [apiv2][status] GET https://firebase-public.firebaseio.com/cli.json 200
[debug] [2026-03-21T17:31:55.570Z] <<< [apiv2][body] GET https://firebase-public.firebaseio.com/cli.json {"cloudBuildErrorAfter":1594252800000,"cloudBuildWarnAfter":1590019200000,"defaultNode10After":1594252800000,"minVersion":"3.0.5","node8DeploysDisabledAfter":1613390400000,"node8RuntimeDisabledAfter":1615809600000,"node8WarnAfter":1600128000000}
[debug] [2026-03-21T17:31:56.476Z] Mar 21, 2026 5:31:56 PM com.google.cloud.datastore.emulator.firestore.websocket.WebSocketServer start
INFO: Started WebSocket server on ws://0.0.0.0:9150
 {"metadata":{"emulator":{"name":"firestore"},"message":"Mar 21, 2026 5:31:56 PM com.google.cloud.datastore.emulator.firestore.websocket.WebSocketServer start\nINFO: Started WebSocket server on ws://0.0.0.0:9150\n"}}
[debug] [2026-03-21T17:31:56.495Z] 
API endpoint: http://0.0.0.0:8080
 {"metadata":{"emulator":{"name":"firestore"},"message":"\nAPI endpoint: http://0.0.0.0:8080\n"}}
[debug] [2026-03-21T17:31:56.496Z] Database Edition: STANDARD
Database Mode: CLOUD_FIRESTORE

If you are using a library that supports the FIRESTORE_EMULATOR_HOST environment variable, run:

   export FIRESTORE_EMULATOR_HOST=0.0.0.0:8080

If you are running a Firestore in Datastore Mode project, run:

   export DATASTORE_EMULATOR_HOST=0.0.0.0:8080

Note: Support for Datastore Mode is in preview. If you encounter any bugs please file at https://github.com/firebase/firebase-tools/issues.
Dev App Server is now running.

 {"metadata":{"emulator":{"name":"firestore"},"message":"Database Edition: STANDARD\nDatabase Mode: CLOUD_FIRESTORE\n\nIf you are using a library that supports the FIRESTORE_EMULATOR_HOST environment variable, run:\n\n   export FIRESTORE_EMULATOR_HOST=0.0.0.0:8080\n\nIf you are running a Firestore in Datastore Mode project, run:\n\n   export DATASTORE_EMULATOR_HOST=0.0.0.0:8080\n\nNote: Support for Datastore Mode is in preview. If you encounter any bugs please file at https://github.com/firebase/firebase-tools/issues.\nDev App Server is now running.\n\n"}}
[info] ✔  firestore: Firestore Emulator UI websocket is running on 9150. {"metadata":{"emulator":{"name":"firestore"},"message":"Firestore Emulator UI websocket is running on 9150."}}
[debug] [2026-03-21T17:31:56.547Z] Ignoring unsupported arg: port {"metadata":{"emulator":{"name":"storage"},"message":"Ignoring unsupported arg: port"}}
[debug] [2026-03-21T17:31:57.138Z] Temp file directory for storage emulator: /tmp/firebase/storage/blobs {"metadata":{"emulator":{"name":"storage"},"message":"Temp file directory for storage emulator: /tmp/firebase/storage/blobs"}}
[debug] [2026-03-21T17:31:57.145Z] Could not find VSCode notification endpoint: FetchError: request to http://localhost:40001/vscode/notify failed, reason: connect ECONNREFUSED 127.0.0.1:40001. If you are not running the Firebase Data Connect VSCode extension, this is expected and not an issue.
[info] 
┌─────────────────────────────────────────────────────────────┐
│ ✔  All emulators ready! It is now safe to connect your app. │
│ i  View Emulator UI at http://127.0.0.1:4000/               │
└─────────────────────────────────────────────────────────────┘

┌───────────┬──────────────┬─────────────────────────────────┐
│ Emulator  │ Host:Port    │ View in Emulator UI             │
├───────────┼──────────────┼─────────────────────────────────┤
│ Firestore │ 0.0.0.0:8080 │ http://127.0.0.1:4000/firestore │
├───────────┼──────────────┼─────────────────────────────────┤
│ Storage   │ 0.0.0.0:9199 │ http://127.0.0.1:4000/storage   │
└───────────┴──────────────┴─────────────────────────────────┘
  Emulator Hub host: 127.0.0.1 port: 4400
  Other reserved ports: 4500, 9150

Issues? Report them at https://github.com/firebase/firebase-tools/issues and attach the *-debug.log files.
 
[debug] [2026-03-21T17:32:07.437Z] Mar 21, 2026 5:32:07 PM io.gapi.emulators.netty.HttpVersionRoutingHandler channelRead
INFO: Detected HTTP/2 connection.
 {"metadata":{"emulator":{"name":"firestore"},"message":"Mar 21, 2026 5:32:07 PM io.gapi.emulators.netty.HttpVersionRoutingHandler channelRead\nINFO: Detected HTTP/2 connection.\n"}}
